{"tool":"phpunit","result":"passed","tests":15,"passed":15,"assertions":29,"duration_ms":17297}
